Bad A address: pattern '^domain3.ie has address 168.119.99.114$' not found
Bad AAAA address: pattern '^domain3.ie has IPv6 address 2a01:4f8:c010:21a::1$' not found
host output in tmpfile
Bad A address: pattern '^www.domain3.ie has address 168.119.99.114$' not found
Bad AAAA address: pattern '^www.domain3.ie has IPv6 address 2a01:4f8:c010:21a::1$' not found
host output in tmpfile
Bad MX address: pattern '^domain3.ie mail is handled by 1 aspmx.l.google.com.$' not found
Bad MX address: pattern '^domain3.ie mail is handled by 10 aspmx2.googlemail.com.$' not found
Bad MX address: pattern '^domain3.ie mail is handled by 10 aspmx3.googlemail.com.$' not found
Bad MX address: pattern '^domain3.ie mail is handled by 5 alt1.aspmx.l.google.com.$' not found
Bad MX address: pattern '^domain3.ie mail is handled by 5 alt2.aspmx.l.google.com.$' not found
host output in tmpfile
