Problems found:
--2019-12-12 22:45:34--  https://www.johntobin.ie/unsuccessful HTTP request sent, awaiting response... 404 Not found
