Executing "does-not-exist" failed: No such file or directory
