curl was invoked for test 2
curl was invoked for test 2
curl was invoked for test 2
curl was invoked for test 2
curl was invoked for test 2
Did not find sentinel '<title>Ariane Tobin Jewellery - Ariane Tobin Jewellery</title>' in https://www.arianetobin.ie/
