mail: args are: "-s test@testing: false 2do-send@mail"
mail: args are: "-s test@testing: echo foo 3do-send@mail"
mail: args are: "-s test@testing: echo bar 5do-send@mail"
mail: args are: "-s test@testing: output_to_stderr 6do-send@mail"
mail: args are: "-s test@testing: output_and_failure 7do-send@mail"
