Cannot use both --ignore_exit_status and --only_on_failure
